[07:26:02] [Test worker/WARN]: [AutismProtector] Register fallback engaged (uninspectable autismclient.security.AutismProtectorChannelFilterTest$OpaqueRegisterPayload on minecraft:register); passing by whitelist verdict only.
[07:26:15] [Test worker/INFO]: [STDOUT]: stone in STONE_ORE_REPLACEABLES = true
[07:26:15] [Test worker/INFO]: [STDOUT]: deepslate in DEEPSLATE_ORE_REPLACEABLES = true
[07:26:36] [Test worker/INFO]: [STDOUT]: Terrain block types: 40, total non-air: 118803
[07:26:36] [Test worker/INFO]: [STDOUT]:   minecraft:deepslate = 49921
[07:26:36] [Test worker/INFO]: [STDOUT]:   minecraft:stone = 32590
[07:26:36] [Test worker/INFO]: [STDOUT]:   minecraft:water = 10310
[07:26:36] [Test worker/INFO]: [STDOUT]:   minecraft:granite = 4386
[07:26:36] [Test worker/INFO]: [STDOUT]:   minecraft:tuff = 4156
[07:26:36] [Test worker/INFO]: [STDOUT]:   minecraft:andesite = 3990
[07:26:36] [Test worker/INFO]: [STDOUT]:   minecraft:bedrock = 3073
[07:26:36] [Test worker/INFO]: [STDOUT]:   minecraft:diorite = 3003
[07:26:36] [Test worker/INFO]: [STDOUT]:   minecraft:dirt = 2263
[07:26:36] [Test worker/INFO]: [STDOUT]:   minecraft:gravel = 1254
[07:26:36] [Test worker/INFO]: [STDOUT]:   minecraft:grass_block = 782
[07:26:36] [Test worker/INFO]: [STDOUT]:   minecraft:oak_leaves = 501
[07:26:36] [Test worker/INFO]: [STDOUT]: Ore generated in 2^2 chunks:
[07:26:36] [Test worker/INFO]: [STDOUT]:   minecraft:coal_ore = 386
[07:26:36] [Test worker/INFO]: [STDOUT]:   minecraft:copper_ore = 230
[07:26:36] [Test worker/INFO]: [STDOUT]:   minecraft:deepslate_copper_ore = 29
[07:26:36] [Test worker/INFO]: [STDOUT]:   minecraft:deepslate_diamond_ore = 76
[07:26:36] [Test worker/INFO]: [STDOUT]:   minecraft:deepslate_gold_ore = 92
[07:26:36] [Test worker/INFO]: [STDOUT]:   minecraft:deepslate_iron_ore = 108
[07:26:36] [Test worker/INFO]: [STDOUT]:   minecraft:deepslate_lapis_ore = 50
[07:26:36] [Test worker/INFO]: [STDOUT]:   minecraft:deepslate_redstone_ore = 91
[07:26:36] [Test worker/INFO]: [STDOUT]:   minecraft:diamond_ore = 3
[07:26:36] [Test worker/INFO]: [STDOUT]:   minecraft:gold_ore = 1
[07:26:36] [Test worker/INFO]: [STDOUT]:   minecraft:iron_ore = 167
[07:26:36] [Test worker/INFO]: [STDOUT]:   minecraft:lapis_ore = 49
[07:26:36] [Test worker/INFO]: [STDOUT]:   minecraft:redstone_ore = 10
